Fetching 26 files:   0%|          | 0/26 [00:00<?, ?it/s]Fetching 26 files: 100%|██████████| 26/26 [00:00<00:00, 911.85it/s]
Loading checkpoint shards:   0%|          | 0/3 [00:00<?, ?it/s]Loading checkpoint shards: 100%|██████████| 3/3 [00:00<00:00, 41.06it/s]
Loaded pretrained model google/gemma-2-2b into HookedTransformer
 target source src tgt  adjacency | unfixed,w  unfixed,-w  fixed,w  fixed,-w
   7056   6836  24  25  +45.83395 |    1.0034     1.0206     0.9817     1.0000
   7093   6852  24  25  +35.09069 |    1.0161     1.0199     0.9973     1.0000
   7113   6391  20  25  +33.00159 |    0.6037     0.6405     0.9582     1.0000
   6032   5977  15  16  +32.74432 |    0.4913     1.0097     0.4857     1.0000
   6179   6093  17  18  +31.24161 |    1.1962     0.9995     1.1965     1.0000
   6897   6474  21  24  +31.15685 |    0.8494     0.9695     0.8760     1.0000
   7007   6601  23  25  +31.01862 |    0.8955     0.9729     0.9207     1.0000
   6896   6402  20  24  +30.70271 |    0.6185     0.7062     0.8860     1.0000
   6876   6391  20  24  +30.38410 |    0.6964     0.7953     0.8866     1.0000
   4754   3857   7   9  -30.08653 |    0.6169     1.0031     0.6267     1.0000
   7138   6402  20  25  +28.92687 |    0.5362     0.5687     0.9569     1.0000
   6499   6114  17  22  +28.16839 |    0.9984     0.9812     1.0162     1.0000
   6221   6145  17  18  +28.14067 |    1.2853     1.0340     1.2396     1.0000
   6934   6714  24  25  +27.37830 |    0.7883     0.9570     0.8520     1.0000
   6533   6454  21  22  +26.71156 |    0.9294     0.9832     0.9453     1.0000
   6096   6034  16  17  -26.32761 |    0.5969     1.0617     0.5489     1.0000
   6391   6077  16  20  +25.96064 |    1.0244     0.9277     1.1005     1.0000
   6913   6722  24  25  +25.76493 |    1.0301     1.0039     1.0224     1.0000
   5789   3857   7  11  -25.71350 |    0.5634     1.0056     0.5627     1.0000
   6034   5977  15  16  +25.59123 |    0.7886     1.0141     0.7771     1.0000
   3264   2477   5   6   -0.01007 |    1.6580     1.6326     0.8218     1.0000
   4166    914   1   7   -0.00277 |    0.4368     0.3540     0.9639     1.0000
   5536   1558   3  10   +0.01380 |    0.4076     0.3692     1.1527     1.0000
   1295     40   0   2   -0.00321 |   -0.1660    -0.0630     0.3473     1.0000
   5080   2442   5   9   +0.00568 |    0.2450     0.1383     1.6173     1.0000
   4657   2322   5   8   +0.14065 |    0.1537     0.0503     1.1406     1.0000
   6833   5940  14  24   -0.11297 |    0.0990     0.0730     1.0152     1.0000
   7100   3514   6  25   +0.04625 |    0.2330     0.1213     1.5366     1.0000
   7141   2498   5  25   -0.00081 |    1.7759     1.2066     2.8627     1.0000
   3211    226   0   6   -0.00073 |    3.0648     2.6299     1.6350     1.0000
   4290   2462   5   7   +0.00125 |    0.8583     0.6191     2.1809     1.0000
   4583   3607   6   8   +0.01403 |    0.1103    -0.2822     2.1448     1.0000
   4997   2801   5   9   -0.01368 |    4.1086     2.7165     1.8035     1.0000
   5136   1404   2   9   -0.09019 |    0.5080     0.7566     0.5381     1.0000
   3887     22   0   7   -0.09626 |    0.5974     0.3930     1.4562     1.0000
   3521   2430   5   6   +0.02294 |    0.4231     0.3150     1.3855     1.0000
   4318   3252   6   7   +0.00016 |    1.1962     0.5353     5.7674     1.0000
   5176    105   0   9   +0.00439 |    0.4085     0.2786     1.9519     1.0000
   2309    103   0   4   +0.01597 |    0.2110     0.1375     1.5696     1.0000
   4277   3710   6   7   +0.05514 |    0.1997     0.1645     1.2894     1.0000

summary over 40 edges (20 strongest, 20 random, seed 0)
unfixed, with w  median 0.616939  within 1e-3  0  within 1%  2  max |ratio-1| 3.11e+00
unfixed, no w    median 0.795263  within 1e-3  1  within 1%  5  max |ratio-1| 1.72e+00
fixed, with w    median 1.015226  within 1e-3  0  within 1%  1  max |ratio-1| 4.77e+00
fixed, no w      median 1.000000  within 1e-3 40  within 1% 40  max |ratio-1| 1.57e-05
